Command 'bun' not found, but can be installed with:
sudo snap install bun-js
