bun test v1.3.11 (af24e281)
bun : 
At line:1 char:1
+ bun test > 
test_output.txt 2>&1
+ ~~~~~~~~~~~~~~~~~~~~~~~~
~~~~~~~
    + CategoryInfo        
      : NotSpecified: (:  
  String) [], RemoteExc   
 eption
    + FullyQualifiedError 
   Id : NativeCommandErr  
  or
 
tests\example-express-app.
test.ts:

# Unhandled error between 
tests
--------------------------
-----
error: Cannot find module 
'@stellar/stellar-sdk' 
from 'C:\Users\EMMA\Deskto
p\anchor\tests\example-exp
ress-app.test.ts'
--------------------------
-----


tests\kyc.test.ts:
(pass) KycData Type Tests 
> should export KycData 
from types barrel
(pass) KycData Type Tests 
> should restrict status 
to allowed values

tests\mvp-express.integrat
ion.test.ts:

# Unhandled error between 
tests
--------------------------
-----
error: Cannot find module 
'@stellar/stellar-sdk' 
from 'C:\Users\EMMA\Deskto
p\anchor\tests\mvp-express
.integration.test.ts'
--------------------------
-----


tests\runtime-rate-limiter
.test.ts:
(pass) 
InMemoryRateLimiter > 
blocks requests after 
limit within window
(pass) 
InMemoryRateLimiter > 
allows requests again 
after the window resets
(pass) 
InMemoryRateLimiter > 
isolates rate limits per 
key

tests\sample.test.ts:
(pass) Anchor Kit > 
should pass a basic test

tests\types.test.ts:
(pass) DepositTransaction 
Type Tests > 
DepositTransaction 
interface > should have 
type discriminator set to 
"deposit"
(pass) DepositTransaction 
Type Tests > 
DepositTransaction 
interface > should 
require id and status 
fields
(pass) DepositTransaction 
Type Tests > 
DepositTransaction 
interface > should extend 
BaseTransactionResponse
(pass) DepositTransaction 
Type Tests > 
Sep24TransactionResponse 
compatibility > should be 
assignable to 
Sep24TransactionResponse 
for deposits
(pass) DepositTransaction 
Type Tests > 
Sep24TransactionResponse 
compatibility > should 
narrow from 
Sep24TransactionResponse 
to DepositTransaction
(pass) DepositTransaction 
Type Tests > 
Sep24TransactionResponse 
compatibility > should 
support discriminated 
union with withdrawals
(pass) DepositTransaction 
Type Tests > 
Sep24TransactionResponse 
compatibility > should 
support an error branch 
in 
Sep24TransactionResponse
(pass) DepositTransaction 
Type Tests > Type guard 
functions > 
isDepositTransaction 
should narrow correctly
(pass) DepositTransaction 
Type Tests > Type guard 
functions > 
isWithdrawalTransaction 
should narrow to 
WithdrawalTransaction
(pass) DepositTransaction 
Type Tests > Type guard 
functions > should use 
type guards for runtime 
filtering
(pass) DepositTransaction 
Type Tests > Field 
compatibility > should 
support all optional 
BaseTransactionResponse 
fields
(pass) 
WithdrawalTransaction 
Type Tests > 
WithdrawalTransaction 
interface > should have 
type discriminator set to 
"withdrawal"
(pass) 
WithdrawalTransaction 
Type Tests > 
WithdrawalTransaction 
interface > should 
require id and status 
fields
(pass) 
WithdrawalTransaction 
Type Tests > 
WithdrawalTransaction 
interface > should extend 
BaseTransactionResponse
(pass) 
WithdrawalTransaction 
Type Tests > 
Sep24TransactionResponse 
compatibility > should be 
assignable to 
Sep24TransactionResponse 
for withdrawals
(pass) 
WithdrawalTransaction 
Type Tests > 
Sep24TransactionResponse 
compatibility > should 
narrow from 
Sep24TransactionResponse 
to WithdrawalTransaction
(pass) 
WithdrawalTransaction 
Type Tests > Type guard 
for withdrawals > 
isWithdrawalTransaction 
should narrow correctly
(pass) 
WithdrawalTransaction 
Type Tests > Field 
compatibility for 
withdrawals > should 
support all optional 
BaseTransactionResponse 
fields
(pass) 
TransactionNotFoundError 
Type Tests > 
TransactionNotFoundError 
interface > should have 
type discriminator set to 
"not_found"
(pass) 
TransactionNotFoundError 
Type Tests > 
TransactionNotFoundError 
interface > should 
require type and error 
fields
(pass) 
TransactionNotFoundError 
Type Tests > 
Sep24TransactionResponse 
compatibility > should be 
assignable to 
Sep24TransactionResponse 
for errors
(pass) 
TransactionNotFoundError 
Type Tests > 
Sep24TransactionResponse 
compatibility > should 
narrow from 
Sep24TransactionResponse 
to 
TransactionNotFoundError
(pass) 
TransactionNotFoundError 
Type Tests > Type guard 
for error responses > isTr
ansactionNotFoundError 
should narrow correctly
(pass) 
TransactionNotFoundError 
Type Tests > 
Discriminated union with 
all branches > should 
support discriminated 
union with all three 
transaction types
(pass) 
TransactionNotFoundError 
Type Tests > 
Discriminated union with 
all branches > should use 
type guards for runtime 
filtering of all branches
(pass) 
TransactionNotFoundError 
Type Tests > 
Discriminated union with 
all branches > should 
allow exhaustive switch 
on response type
(pass) AnchorKitConfig 
Type Tests > Required 
fields enforcement > 
should require network 
config
(pass) AnchorKitConfig 
Type Tests > Required 
fields enforcement > 
should require server 
config
(pass) AnchorKitConfig 
Type Tests > Required 
fields enforcement > 
should require security 
config with three secret 
fields
(pass) AnchorKitConfig 
Type Tests > Required 
fields enforcement > 
should require assets 
config with at least one 
asset
(pass) AnchorKitConfig 
Type Tests > Required 
fields enforcement > 
should require framework 
config with database
(pass) AnchorKitConfig 
Type Tests > Optional 
fields handling > should 
accept valid KYC config
(pass) AnchorKitConfig 
Type Tests > Optional 
fields handling > should 
accept valid operational 
config
(pass) AnchorKitConfig 
Type Tests > Optional 
fields handling > should 
accept valid metadata 
config
(pass) AnchorKitConfig 
Type Tests > Network 
config validation > 
should validate 
StellarNetwork types
(pass) AnchorKitConfig 
Type Tests > Network 
config validation > 
should support optional 
Horizon URL
(pass) AnchorKitConfig 
Type Tests > Server 
config validation > 
should support partial 
server config
(pass) AnchorKitConfig 
Type Tests > Server 
config validation > 
should support server 
timeouts and CORS
(pass) AnchorKitConfig 
Type Tests > Assets 
config validation > 
should support multiple 
assets
(pass) AnchorKitConfig 
Type Tests > Assets 
config validation > 
should validate asset 
amounts
(pass) AnchorKitConfig 
Type Tests > Framework 
config validation > 
should support different 
database providers
(pass) AnchorKitConfig 
Type Tests > Framework 
config validation > 
should support logging 
configuration
(pass) AnchorKitConfig 
Type Tests > Framework 
config validation > 
should support monitoring 
configuration
(pass) AnchorKitConfig 
Type Tests > Complete 
valid config shapes > 
should accept minimal 
valid config
(pass) AnchorKitConfig 
Type Tests > Complete 
valid config shapes > 
should accept fully 
populated config
(pass) AnchorKitConfig 
Type Tests > Config 
extensibility > should 
allow plugins in 
framework config
(pass) AnchorKitConfig 
Type Tests > 
AnchorConfig.get() Type 
Tests > should return 
strongly typed sections 
by key

tests\core\config.test.ts:

# Unhandled error between 
tests
--------------------------
-----
error: Cannot find module 
'@stellar/stellar-sdk' 
from 'C:\Users\EMMA\Deskto
p\anchor\tests\core\config
.test.ts'
--------------------------
-----


tests\core\errors.test.ts:
(pass) AnchorKitError > 
should create an error 
with basic properties
(pass) AnchorKitError > 
should include context 
when provided
(pass) AnchorKitError > 
toJSON() > should format 
output correctly in 
non-dev environment
(pass) AnchorKitError > 
toJSON() > should include 
context in dev environment
(pass) ConfigError > maps 
statusCode and errorCode
(pass) ValidationError > 
maps statusCode and 
errorCode [15.00ms]
(pass) SepProtocolError > 
maps statusCode and 
errorCode correctly
(pass) SepProtocolError > 
preserves optional 
sepErrorType and context
(pass) 
TransactionStateError > 
maps statusCode and 
errorCode and exposes 
transition metadata
(pass) RailError > maps 
statusCode and errorCode 
and exposes rail metadata
(pass) RailError > 
handles optional railName
(pass) NetworkError > 
maps statusCode and 
errorCode correctly
(pass) NetworkError > 
supports optional 
httpStatusFromUpstream
(pass) NetworkError > 
preserves additional 
context alongside 
upstream status
(pass) NetworkError > 
handles missing optional 
httpStatusFromUpstream
(pass) CryptoError > maps 
statusCode and errorCode
(pass) CryptoError > 
correctly inherits from 
AnchorKitError

tests\runtime\queue.unit.t
est.ts:
(pass) 
InMemoryQueueAdapter > 
should honor concurrency 
limits when processing 
jobs [204.00ms]
(pass) 
InMemoryQueueAdapter > 
should process jobs 
sequentially when 
concurrency is 1 
[203.00ms]
(pass) 
InMemoryQueueAdapter > 
should allow concurrent 
execution up to the limit 
[203.00ms]
(pass) 
InMemoryQueueAdapter > 
should process jobs 
queued before start() 
after start() is called 
[109.00ms]
(pass) 
InMemoryQueueAdapter > 
should wait for in-flight 
jobs to complete when 
stop() is called [63.00ms]
(pass) 
InMemoryQueueAdapter > 
should not start new jobs 
after stop() is called 
[172.00ms]

tests\runtime\sql-adapter-
interactive-tx.test.ts:

# Unhandled error between 
tests
--------------------------
-----
error: Cannot find module 
'@stellar/stellar-sdk' 
from 'C:\Users\EMMA\Deskto
p\anchor\src\core\config.t
s'
--------------------------
-----


tests\runtime\transaction-
watcher.unit.test.ts:
(pass) TransactionWatcher 
Unit Tests > enqueues 
expiration jobs for stale 
pending deposits
(pass) TransactionWatcher 
Unit Tests > does not 
enqueue expiration jobs 
when no stale pending 
deposits exist
(pass) TransactionWatcher 
Unit Tests > calculates 
cutoff time correctly for 
transaction timeout

tests\runtime\webhook-proc
essor.unit.test.ts:
(pass) 
DefaultWebhookProcessor 
Unit Tests > updates 
event status to failed 
when callback throws
(pass) 
DefaultWebhookProcessor 
Unit Tests > updates 
event status to processed 
when callback succeeds

tests\types\customer.test.
ts:
(pass) Customer > works 
with just the required 
fields
(pass) Customer > accepts 
optional contact and kyc 
fields
(pass) Customer > allows 
kyc_data with SEP-12 
identity fields
(pass) Customer > rejects 
missing required fields 
at compile time
(pass) Customer > rejects 
wrong kyc_data shape at 
compile time

tests\types\transaction-st
atus.test.ts:
(pass) TransactionStatus 
> covers every SEP-24 
lifecycle status
(pass) TransactionStatus 
> contains no duplicates
(pass) TransactionStatus 
> accepts every valid 
status
(pass) TransactionStatus 
> rejects invalid strings 
at compile time

tests\types\transaction.te
st.ts:
(pass) Transaction > core 
fields > requires id, 
status, and kind
(pass) Transaction > core 
fields > accepts both 
deposit and withdrawal 
kinds
(pass) Transaction > core 
fields > rejects invalid 
kind at compile time
(pass) Transaction > core 
fields > rejects missing 
required fields at 
compile time
(pass) Transaction > 
amount fields with 
decimal precision > uses 
string for decimal 
precision in Amount
(pass) Transaction > 
amount fields with 
decimal precision > 
supports fiat amounts in 
deposits
(pass) Transaction > 
amount fields with 
decimal precision > 
supports crypto amounts 
in withdrawals
(pass) Transaction > 
amount fields with 
decimal precision > makes 
amount fields optional
(pass) Transaction > 
reference and information 
fields > accepts optional 
more_info_url and message
(pass) Transaction > 
timestamp fields > 
accepts optional 
timestamps as unix numbers
(pass) Transaction > 
deposit transaction 
example > models a 
complete deposit 
lifecycle with rail and 
stellar data
(pass) Transaction > 
deposit transaction 
example > handles 
deposits at different 
status stages
(pass) Transaction > 
withdrawal transaction 
example > models a 
complete withdrawal 
lifecycle with stellar 
and rail data
(pass) Transaction > 
withdrawal transaction 
example > handles 
withdrawals at different 
status stages
(pass) Transaction > 
rail-specific fields > 
accepts 
RailTransactionData with 
provider and reference
(pass) Transaction > 
rail-specific fields > 
makes rail fields optional
(pass) Transaction > 
stellar-specific fields > 
accepts 
StellarTransactionData 
with transaction_id and 
memo
(pass) Transaction > 
stellar-specific fields > 
supports different memo 
types
(pass) Transaction > 
stellar-specific fields > 
makes stellar fields 
optional
(pass) Transaction > 
interactive flow fields > 
accepts InteractiveData 
with url and form fields
(pass) Transaction > 
interactive flow fields > 
makes interactive fields 
optional
(pass) Transaction > 
error and refund fields > 
accepts TransactionError 
with code and message
(pass) Transaction > 
error and refund fields > 
models a failed 
transaction with error 
info
(pass) Transaction > 
error and refund fields > 
accepts RefundInfo with 
refund amounts and 
payments
(pass) Transaction > 
error and refund fields > 
models a refunded 
transaction
(pass) Transaction > 
error and refund fields > 
makes error and refund 
fields optional
(pass) Transaction > 
compile-time validation > 
rejects wrong status at 
compile time
(pass) Transaction > 
compile-time validation > 
rejects wrong kind at 
compile time
(pass) Transaction > 
compile-time validation > 
rejects wrong Amount 
structure at compile time

tests\utils\crypto.test.ts
:

# Unhandled error between 
tests
--------------------------
-----
error: Cannot find 
package 'jose' from 'C:\Us
ers\EMMA\Desktop\anchor\sr
c\utils\crypto.ts'
--------------------------
-----


tests\utils\decimal.test.t
s:

# Unhandled error between 
tests
--------------------------
-----
error: Cannot find 
package 'big.js' from 'C:\
Users\EMMA\Desktop\anchor\
src\utils\decimal.ts'
--------------------------
-----


tests\utils\error-handler.
test.ts:
(pass) errorHandler > 
maps SepProtocolError to 
SEP-safe client response
(pass) errorHandler > 
maps RailError to masked 
gateway response
(pass) errorHandler > 
maps unknown errors to 
generic internal server 
response
(pass) errorHandler > 
maps other AnchorKitError 
to generic message

tests\utils\idempotency.te
st.ts:
(pass) IdempotencyUtils > 
generateIdempotencyKey 
returns a string and is 
unique
(pass) IdempotencyUtils > 
extractIdempotencyHeader 
handles undefined headers
(pass) IdempotencyUtils > 
extractIdempotencyHeader 
reads Fetch Headers 
[15.00ms]
(pass) IdempotencyUtils > 
extractIdempotencyHeader 
handles plain objects 
case-insensitively
(pass) IdempotencyUtils > 
extractIdempotencyHeader 
handles array values and 
empties
(pass) IdempotencyUtils > 
extractIdempotencyHeader 
returns null for empty 
string

tests\utils\stellar.test.t
s:

# Unhandled error between 
tests
--------------------------
-----
error: Cannot find module 
'@stellar/stellar-sdk' 
from 'C:\Users\EMMA\Deskto
p\anchor\src\utils\stellar
.ts'
--------------------------
-----


tests\utils\validation.tes
t.ts:

# Unhandled error between 
tests
--------------------------
-----
error: Cannot find 
package 
'isomorphic-dompurify' 
from 'C:\Users\EMMA\Deskto
p\anchor\src\utils\validat
ion.ts'
--------------------------
-----


tests\runtime\webhooks\def
ault-webhook-processor.tes
t.ts:
(pass) 
DefaultWebhookProcessor > 
first event with new 
eventId invokes callback 
and returns duplicate: 
false
(pass) 
DefaultWebhookProcessor > 
duplicate event returns 
duplicate: true and does 
not invoke callback

8 tests failed:

 131 pass
 8 fail
 8 errors
 213 expect() calls
Ran 139 tests across 22 
files. [1230.00ms]
